app/admin-dashboard/page.tsx(1949,1): error TS1005: ')' expected.
